
[1m[46m RUN [49m[22m [36mv4.0.18 [39m[90mF:/system teste/otica-vision[39m

 [32mÔ£ô[39m src/services/fiscal.test.ts [2m([22m[2m3 tests[22m[2m)[22m[32m 6[2mms[22m[39m
 [32mÔ£ô[39m src/utils/tso.test.ts [2m([22m[2m4 tests[22m[2m)[22m[32m 24[2mms[22m[39m
 [32mÔ£ô[39m src/utils/monetary.test.ts [2m([22m[2m4 tests[22m[2m)[22m[32m 25[2mms[22m[39m

[2m Test Files [22m [1m[32m3 passed[39m[22m[90m (3)[39m
[2m      Tests [22m [1m[32m11 passed[39m[22m[90m (11)[39m
[2m   Start at [22m 15:41:36
[2m   Duration [22m 2.59s[2m (transform 358ms, setup 687ms, import 323ms, tests 56ms, environment 5.49s)[22m

